// Jest Snapshot v1, https://goo.gl/fbAQLP

exports[`Divider Snapshots renders correctly 1`] = `
<View
  style={
    Object {
      "alignItems": "center",
      "flex": 1,
      "flexDirection": "row",
    }
  }
>
  <View
    style={
      Object {
        "backgroundColor": "#181818",
        "flex": 1,
        "height": 0.5,
      }
    }
  />
</View>
`;

exports[`Divider Snapshots renders correctly with label 1`] = `
<View
  style={
    Object {
      "alignItems": "center",
      "flex": 1,
      "flexDirection": "row",
      "paddingBottom": undefined,
      "paddingVertical": undefined,
    }
  }
>
  <View
    style={
      Object {
        "backgroundColor": "#181818",
        "flex": 1,
        "height": 0.5,
      }
    }
  />
  <Text
    accessible={true}
    allowFontScaling={true}
    ellipsizeMode="tail"
    style={
      Array [
        Object {
          "color": "#000000",
          "fontFamily": undefined,
          "fontSize": 13,
          "fontWeight": undefined,
        },
        Object {
          "margin": undefined,
          "marginBottom": undefined,
          "marginHorizontal": undefined,
          "marginLeft": undefined,
          "marginRight": undefined,
          "marginTop": undefined,
          "marginVertical": undefined,
          "padding": undefined,
          "paddingBottom": undefined,
          "paddingHorizontal": undefined,
          "paddingLeft": 8,
          "paddingRight": 8,
          "paddingTop": undefined,
          "paddingVertical": undefined,
        },
      ]
    }
  >
    Label
  </Text>
  <View
    style={
      Object {
        "backgroundColor": "#181818",
        "flex": 1,
        "height": 0.5,
      }
    }
  />
</View>
`;
