// Jest Snapshot v1, https://goo.gl/fbAQLP

exports[`Button Snapshots renders correctly 1`] = `
<View
  accessible={true}
  isTVSelectable={true}
  onResponderGrant={[Function]}
  onResponderMove={[Function]}
  onResponderRelease={[Function]}
  onResponderTerminate={[Function]}
  onResponderTerminationRequest={[Function]}
  onStartShouldSetResponder={[Function]}
  style={
    Object {
      "backgroundColor": "#2C7CF6",
      "borderRadius": 10,
      "opacity": 1,
      "padding": 16,
    }
  }
>
  <Text
    accessible={true}
    allowFontScaling={true}
    ellipsizeMode="tail"
    style={
      Array [
        Object {
          "color": "#FFFFFF",
          "fontFamily": undefined,
          "fontSize": 17,
          "fontWeight": undefined,
        },
        Object {
          "fontWeight": "500",
          "margin": undefined,
          "marginBottom": undefined,
          "marginHorizontal": undefined,
          "marginLeft": undefined,
          "marginRight": undefined,
          "marginTop": undefined,
          "marginVertical": undefined,
          "padding": undefined,
          "paddingBottom": undefined,
          "paddingHorizontal": undefined,
          "paddingLeft": undefined,
          "paddingRight": undefined,
          "paddingTop": undefined,
          "paddingVertical": undefined,
          "textAlign": "center",
        },
      ]
    }
  >
    Hello Button
  </Text>
</View>
`;
