// Jest Snapshot v1, https://goo.gl/fbAQLP

exports[`Input Snapshots renders correctly 1`] = `
<TextInput
  allowFontScaling={true}
  muted={false}
  size="medium"
  style={
    Object {
      "borderColor": "#000000",
      "borderRadius": 10,
      "borderWidth": 1,
      "flexDirection": "row",
      "margin": 8,
      "padding": 8,
    }
  }
/>
`;
